\BOOKMARK [1][-]{section.1}{\376\377\000I\000n\000t\000r\000o\000d\000u\000c\000t\000i\000o\000n}{}% 1
\BOOKMARK [1][-]{section.2}{\376\377\000R\000e\000v\000i\000e\000w\000\040\000M\000e\000t\000h\000o\000d}{}% 2
\BOOKMARK [1][-]{section.3}{\376\377\000C\000o\000n\000c\000e\000p\000t\000u\000a\000l\000\040\000F\000o\000u\000n\000d\000a\000t\000i\000o\000n\000s\000:\000\040\000I\000n\000f\000o\000r\000m\000a\000t\000i\000o\000n\000\040\000D\000i\000s\000o\000r\000d\000e\000r\000\040\000a\000n\000d\000\040\000S\000y\000n\000t\000h\000e\000t\000i\000c\000\040\000P\000e\000r\000s\000o\000n\000a\000s}{}% 3
\BOOKMARK [1][-]{section.4}{\376\377\000S\000i\000m\000u\000l\000a\000t\000i\000n\000g\000\040\000H\000u\000m\000a\000n\000\040\000S\000u\000b\000j\000e\000c\000t\000s\000:\000\040\000B\000e\000h\000a\000v\000i\000o\000u\000r\000a\000l\000\040\000F\000i\000d\000e\000l\000i\000t\000y\000\040\000a\000n\000d\000\040\000t\000h\000e\000\040\000H\000y\000p\000e\000r\000-\000A\000c\000c\000u\000r\000a\000c\000y\000\040\000D\000i\000s\000t\000o\000r\000t\000i\000o\000n}{}% 4
\BOOKMARK [2][-]{subsection.4.1}{\376\377\000T\000h\000e\000\040\000T\000u\000r\000i\000n\000g\000\040\000E\000x\000p\000e\000r\000i\000m\000e\000n\000t\000\040\000F\000r\000a\000m\000e\000w\000o\000r\000k}{section.4}% 5
\BOOKMARK [2][-]{subsection.4.2}{\376\377\000R\000e\000p\000l\000i\000c\000a\000t\000i\000o\000n\000\040\000A\000c\000r\000o\000s\000s\000\040\000B\000e\000h\000a\000v\000i\000o\000u\000r\000a\000l\000\040\000P\000a\000r\000a\000d\000i\000g\000m\000s}{section.4}% 6
\BOOKMARK [2][-]{subsection.4.3}{\376\377\000T\000h\000e\000\040\000H\000y\000p\000e\000r\000-\000A\000c\000c\000u\000r\000a\000c\000y\000\040\000D\000i\000s\000t\000o\000r\000t\000i\000o\000n}{section.4}% 7
\BOOKMARK [1][-]{section.5}{\376\377\000O\000w\000n\000\040\000E\000x\000p\000e\000r\000i\000m\000e\000n\000t\000:\000\040\000D\000o\000e\000s\000\040\000I\000n\000s\000t\000r\000u\000c\000t\000i\000o\000n\000\040\000T\000u\000n\000i\000n\000g\000\040\000A\000l\000o\000n\000e\000\040\000C\000a\000u\000s\000e\000\040\000H\000y\000p\000e\000r\000-\000A\000c\000c\000u\000r\000a\000c\000y\000?}{}% 8
\BOOKMARK [1][-]{section.6}{\376\377\000W\000h\000o\000s\000e\000\040\000O\000p\000i\000n\000i\000o\000n\000s\000\040\000D\000o\000\040\000M\000o\000d\000e\000l\000s\000\040\000R\000e\000f\000l\000e\000c\000t\000?\000\040\000D\000e\000m\000o\000g\000r\000a\000p\000h\000i\000c\000\040\000A\000l\000i\000g\000n\000m\000e\000n\000t\000\040\000a\000n\000d\000\040\000S\000t\000e\000e\000r\000i\000n\000g\000\040\000L\000i\000m\000i\000t\000s}{}% 9
\BOOKMARK [2][-]{subsection.6.1}{\376\377\000T\000h\000e\000\040\000O\000p\000i\000n\000i\000o\000n\000Q\000A\000\040\000B\000e\000n\000c\000h\000m\000a\000r\000k\000\040\000a\000n\000d\000\040\000A\000l\000i\000g\000n\000m\000e\000n\000t\000\040\000M\000e\000t\000r\000i\000c}{section.6}% 10
\BOOKMARK [2][-]{subsection.6.2}{\376\377\000D\000e\000m\000o\000g\000r\000a\000p\000h\000i\000c\000\040\000S\000k\000e\000w\000s\000\040\000a\000n\000d\000\040\000L\000i\000m\000i\000t\000s\000\040\000o\000f\000\040\000S\000t\000e\000e\000r\000i\000n\000g}{section.6}% 11
\BOOKMARK [1][-]{section.7}{\376\377\000G\000e\000n\000e\000r\000a\000t\000i\000n\000g\000\040\000D\000i\000s\000i\000n\000f\000o\000r\000m\000a\000t\000i\000o\000n\000:\000\040\000C\000a\000p\000a\000b\000i\000l\000i\000t\000i\000e\000s\000\040\000a\000n\000d\000\040\000S\000a\000f\000e\000t\000y\000\040\000F\000i\000l\000t\000e\000r\000s}{}% 12
\BOOKMARK [2][-]{subsection.7.1}{\376\377\000A\000u\000d\000i\000t\000i\000n\000g\000\040\000D\000i\000s\000i\000n\000f\000o\000r\000m\000a\000t\000i\000o\000n\000\040\000C\000a\000p\000a\000b\000i\000l\000i\000t\000i\000e\000s}{section.7}% 13
\BOOKMARK [2][-]{subsection.7.2}{\376\377\000D\000i\000f\000f\000e\000r\000e\000n\000c\000e\000s\000\040\000B\000e\000t\000w\000e\000e\000n\000\040\000M\000o\000d\000e\000l\000s\000\040\000a\000n\000d\000\040\000`\000`\000B\000o\000t\000h\000s\000i\000d\000e\000i\000s\000m\000'\000'}{section.7}% 14
\BOOKMARK [2][-]{subsection.7.3}{\376\377\000C\000a\000n\000\040\000t\000h\000e\000\040\000G\000e\000n\000e\000r\000a\000t\000e\000d\000\040\000A\000r\000t\000i\000c\000l\000e\000s\000\040\000B\000e\000\040\000D\000e\000t\000e\000c\000t\000e\000d\000?}{section.7}% 15
\BOOKMARK [1][-]{section.8}{\376\377\000D\000e\000t\000e\000c\000t\000i\000n\000g\000\040\000P\000r\000o\000p\000a\000g\000a\000n\000d\000a\000:\000\040\000S\000h\000a\000r\000e\000d\000-\000T\000a\000s\000k\000\040\000S\000y\000s\000t\000e\000m\000s\000\040\000a\000n\000d\000\040\000L\000L\000M\000s}{}% 16
\BOOKMARK [2][-]{subsection.8.1}{\376\377\000S\000e\000m\000E\000v\000a\000l\000-\0002\0000\0002\0000\000\040\000T\000a\000s\000k\000\040\0001\0001}{section.8}% 17
\BOOKMARK [2][-]{subsection.8.2}{\376\377\000A\000n\000\040\000L\000L\000M\000-\000B\000a\000s\000e\000d\000\040\000D\000e\000t\000e\000c\000t\000i\000o\000n\000\040\000S\000y\000s\000t\000e\000m}{section.8}% 18
\BOOKMARK [1][-]{section.9}{\376\377\000C\000o\000m\000p\000a\000r\000a\000t\000i\000v\000e\000\040\000S\000y\000n\000t\000h\000e\000s\000i\000s}{}% 19
\BOOKMARK [2][-]{subsection.9.1}{\376\377\000S\000t\000r\000u\000c\000t\000u\000r\000e\000d\000\040\000C\000o\000m\000p\000a\000r\000i\000s\000o\000n}{section.9}% 20
\BOOKMARK [2][-]{subsection.9.2}{\376\377\000A\000n\000s\000w\000e\000r\000s\000\040\000t\000o\000\040\000t\000h\000e\000\040\000R\000e\000s\000e\000a\000r\000c\000h\000\040\000Q\000u\000e\000s\000t\000i\000o\000n\000s}{section.9}% 21
\BOOKMARK [2][-]{subsection.9.3}{\376\377\000T\000h\000e\000\040\000G\000e\000n\000e\000r\000a\000t\000i\000o\000n\040\023\000D\000e\000t\000e\000c\000t\000i\000o\000n\000\040\000A\000s\000y\000m\000m\000e\000t\000r\000y}{section.9}% 22
\BOOKMARK [2][-]{subsection.9.4}{\376\377\000T\000h\000e\000\040\000C\000o\000n\000t\000r\000o\000l\000l\000a\000b\000i\000l\000i\000t\000y\000\040\000G\000a\000p}{section.9}% 23
\BOOKMARK [1][-]{section.10}{\376\377\000D\000i\000s\000c\000u\000s\000s\000i\000o\000n\000:\000\040\000R\000e\000s\000e\000a\000r\000c\000h\000\040\000G\000a\000p\000s\000\040\000a\000n\000d\000\040\000I\000m\000p\000l\000i\000c\000a\000t\000i\000o\000n\000s}{}% 24
\BOOKMARK [1][-]{section.11}{\376\377\000L\000i\000m\000i\000t\000a\000t\000i\000o\000n\000s}{}% 25
\BOOKMARK [1][-]{section.12}{\376\377\000C\000o\000n\000c\000l\000u\000s\000i\000o\000n}{}% 26
\BOOKMARK [1][-]{section*.9}{\376\377\000A\000p\000p\000e\000n\000d\000i\000x\000\040\000A\000:\000\040\000C\000o\000n\000t\000r\000i\000b\000u\000t\000i\000o\000n\000\040\000S\000u\000m\000m\000a\000r\000y\000\040\000a\000n\000d\000\040\000U\000s\000e\000\040\000o\000f\000\040\000G\000e\000n\000e\000r\000a\000t\000i\000v\000e\000\040\000A\000I}{}% 27
